// Jest Snapshot v1, https://goo.gl/fbAQLP

exports[`ProjectCard component matches the snapshot 1`] = `
<DocumentFragment>
  <button
    class="ProjectCard art-buddy"
    tabindex="0"
  >
    <div
      class="ProjectCard-name"
    >
      <h2>
        Art Buddy
      </h2>
      <p>
        Arts-based games for special education
      </p>
    </div>
    <img
      alt="Art Buddy"
      src="art-buddy.webp"
    />
  </button>
</DocumentFragment>
`;
