// Jest Snapshot v1, https://goo.gl/fbAQLP

exports[`Projects component matches the snapshot 1`] = `
<DocumentFragment>
  <section
    class="Projects display"
  >
    <h2>
      Projects
    </h2>
    <b>
      Click on a project below to learn more
    </b>
    <div
      class="Projects-project-list"
    >
      <button
        class="ProjectCard art-buddy"
        tabindex="0"
      >
        <div
          class="ProjectCard-name"
        >
          <h2>
            Art Buddy
          </h2>
          <p>
            Arts-based games for special education
          </p>
        </div>
        <img
          alt="Art Buddy"
          src="art-buddy.webp"
        />
      </button>
      <button
        class="ProjectCard vesta-healing-psychotherapy"
        tabindex="0"
      >
        <div
          class="ProjectCard-name"
        >
          <h2>
            Vesta Healing Psychotherapy
          </h2>
          <p>
            A website for an NYC-based psychotherapist
          </p>
        </div>
        <img
          alt="Vesta Healing Psychotherapy"
          src="vesta.webp"
        />
      </button>
      <button
        class="ProjectCard reptifeed"
        tabindex="0"
      >
        <div
          class="ProjectCard-name"
        >
          <h2>
            Reptifeed
          </h2>
          <p>
            A reptilian diet tracker
          </p>
        </div>
        <img
          alt="Reptifeed"
          src="reptifeed.webp"
        />
      </button>
      <button
        class="ProjectCard eight-bit-clan"
        tabindex="0"
      >
        <div
          class="ProjectCard-name"
        >
          <h2>
            8-Bit Clan
          </h2>
          <p>
            An 8-bit NFT maker
          </p>
        </div>
        <img
          alt="8-Bit Clan"
          src="8-bit-clan.webp"
        />
      </button>
    </div>
  </section>
</DocumentFragment>
`;
