// Jest Snapshot v1, https://goo.gl/fbAQLP

exports[`Intro component matches the snapshot 1`] = `
<DocumentFragment>
  <header
    class="Intro"
  >
    <section
      class="Intro-top"
    >
      <aside>
        <h1>
          Hi, I'm Adam! 👋🏼
        </h1>
        <h2>
          I am a frontend developer based in NYC.
        </h2>
      </aside>
      <img
        alt="the developer"
        src="adam.webp"
      />
    </section>
  </header>
</DocumentFragment>
`;
