// Jest Snapshot v1, https://goo.gl/fbAQLP

exports[`Contact component matches the snapshot 1`] = `
<DocumentFragment>
  <form
    class="Contact"
  >
    <h2>
      Let's start a dialogue! 👋🏼
    </h2>
    <section
      class="Contact-user-info"
    >
      <fieldset
        class="Input"
      >
        <input
          id="name"
          name="name"
          required=""
          type="text"
          value=""
        />
        <label
          for="name"
        >
          Name
        </label>
      </fieldset>
      <fieldset
        class="Input"
      >
        <input
          id="email"
          name="email"
          required=""
          type="email"
          value=""
        />
        <label
          for="email"
        >
          Email
        </label>
      </fieldset>
    </section>
    <fieldset
      class="Input"
    >
      <textarea
        id="message"
        name="message"
        required=""
      />
      <label
        for="message"
      >
        Message
      </label>
    </fieldset>
    <input
      class="Contact-submit"
      type="submit"
      value="Submit"
    />
  </form>
</DocumentFragment>
`;
