// Jest Snapshot v1, https://goo.gl/fbAQLP

exports[`TechStackCard component matches the snapshot 1`] = `
<DocumentFragment>
  <figure
    class="TechStackCard"
  >
    <img
      alt="Javascript"
      class="TechStackCard-img"
      src="javascript.png"
    />
    <figcaption
      class="TechStackCard-caption"
    >
      Javascript
    </figcaption>
  </figure>
</DocumentFragment>
`;
