// Jest Snapshot v1, https://goo.gl/fbAQLP

exports[`Footer component matches the snapshot 1`] = `
<DocumentFragment>
  <footer
    class="Footer"
  >
    <small>
      Made by Adam Thometz 2022
    </small>
    <small>
      <a
        class="Footer-link"
        href="https://github.com/Adam-Thometz/Portfolio"
        rel="noreferrer"
        target="_blank"
      >
        Like this portfolio? Click here to check out the Github
      </a>
    </small>
  </footer>
</DocumentFragment>
`;
